[tools.pdf24.org/en/word-to-pdf.html]
[backblue.gif]
[fade.gif]
[index.html]
[tools.pdf24.org/static/img/share/v2/convert-to-pdf.png]
[tools.pdf24.org/static/img/pdf24a57a.png]
[tools.pdf24.org/static/img/appIcons/v3/icon_192ea15.png]
[tools.pdf24.org/static/img/file_extra_light3860.png]
[tools.pdf24.org/static/img/loadingSquares.gif]
[tools.pdf24.org/en/index.html]
[tools.pdf24.org/en/creator.html]
[tools.pdf24.org/static/img/howto/convertToPdf/convert-to-pdf-18e2c.png]
[tools.pdf24.org/static/img/howto/convertToPdf/convert-to-pdf-28e2c.png]
[tools.pdf24.org/static/img/howto/convertToPdf/convert-to-pdf-38e2c.png]
[tools.pdf24.org/en/pdf-converter.html]
[tools.pdf24.org/static/img/creator/ui_launcher_1_thumb152c.jpg]
[tools.pdf24.org/en/contact.html]
[tools.pdf24.org/static/img/creator/ui_creator_1_thumb87ff.jpg]
[tools.pdf24.org/static/img/creator/ui_assistant_1_thumb87ff.jpg]
[tools.pdf24.org/static/img/creator/ui_extract_1_thumb87ff.jpg]
[tools.pdf24.org/static/img/creator/ui_compress_1_thumb87ff.jpg]
[tools.pdf24.org/static/img/creator/ui_file_tools_1_thumb152c.jpg]
[tools.pdf24.org/en/doc-to-pdf.html]
[tools.pdf24.org/en/merge-pdf.html]
[tools.pdf24.org/en/docx-to-pdf.html]
[tools.pdf24.org/en/compress-pdf.html]
[tools.pdf24.org/en/edit-pdf.html]
[tools.pdf24.org/en/convert-to-pdf.html]
[tools.pdf24.org/en/convert-pdf-to.html]
[tools.pdf24.org/en/protect-pdf.html]
[tools.pdf24.org/en/split-pdf.html]
[tools.pdf24.org/en/unlock-pdf.html]
[tools.pdf24.org/en/rotate-pdf-pages.html]
[tools.pdf24.org/en/extract-pdf-pages.html]
[tools.pdf24.org/en/remove-pdf-pages.html]
[tools.pdf24.org/en/images-to-pdf.html]
[tools.pdf24.org/en/sort-pdf-pages.html]
[tools.pdf24.org/en/pdf-to-images.html]
[tools.pdf24.org/en/extract-images.html]
[tools.pdf24.org/en/webpage-to-pdf.html]
[tools.pdf24.org/en/ocr-pdf.html]
[tools.pdf24.org/en/create-job-application.html]
[tools.pdf24.org/en/optimize-pdf.html]
[tools.pdf24.org/en/add-watermark-to-pdf.html]
[tools.pdf24.org/en/add-page-numbers-to-pdf.html]
[tools.pdf24.org/en/overlay-pdf.html]
[tools.pdf24.org/en/view-pdf.html]
[tools.pdf24.org/en/compare-pdf.html]
[tools.pdf24.org/en/sign-pdf.html]
[tools.pdf24.org/en/annotate-pdf.html]
[tools.pdf24.org/en/scan-pdf.html]
[www.google-analytics.com/analytics.js]
[tools.pdf24.org/static/js/jquery/jquery.minc1b9.js]
[tools.pdf24.org/static/js/dropzone.min78b2.js]
[tools.pdf24.org/static/js/utils-js/utils523e.js]
[tools.pdf24.org/static/js/common0d96.js]
[tools.pdf24.org/en/word-to-pdf.html]
[tools.pdf24.org/static/js/imgDbadae.js]
[tools.pdf24.org/static/img/share/v2/default2.png]
[tools.pdf24.org/en/index.html]
[tools.pdf24.org/static/img/creator/ui_reader_1_thumb152c.jpg]
[tools.pdf24.org/static/img/creator/ui_ocr_1_thumb152c.jpg]
[tools.pdf24.org/static/img/creator/teaser/top_downloada6ae.png]
[tools.pdf24.org/static/img/creator/teaser/softpedia0eef.png]
[tools.pdf24.org/static/img/creator/ui_pdf_printer_1_thumb152c.jpg]
[tools.pdf24.org/static/img/creator/ui_pdf_printer_2_thumb152c.jpg]
[tools.pdf24.org/static/img/creator/ui_file_converter_1_thumb87ff.jpg]
[tools.pdf24.org/static/img/creator/ui_file_converter_2_thumb152c.jpg]
[tools.pdf24.org/static/img/creator/overlay_pdf_thumbf02c.png]
[tools.pdf24.org/static/img/creator/ui_format_options_1_thumb152c.jpg]
[tools.pdf24.org/static/img/creator/ui_screen_capture_1_thumb152c.jpg]
[tools.pdf24.org/en/creator.html]
[tools.pdf24.org/static/img/creator/ui_settings_1_thumbb8bf.jpg]
[tools.pdf24.org/static/img/share/v2/pdf-converter.png]
[tools.pdf24.org/static/img/x-to-pdfcbd4.png]
[tools.pdf24.org/static/img/pdf-to-x1f51.png]
[tools.pdf24.org/en/pdf-converter.html]
[tools.pdf24.org/static/img/share/v2/default.png]
[tools.pdf24.org/en/contact.html]
[tools.pdf24.org/en/doc-to-pdf.html]
[tools.pdf24.org/en/docx-to-pdf.html]
[tools.pdf24.org/static/img/share/v2/merge-pdf.png]
[tools.pdf24.org/static/img/howto/mergePdf/merge-pdf-1-thumb8e2c.jpg]
[tools.pdf24.org/static/img/howto/mergePdf/merge-pdf-2-thumb8e2c.jpg]
[tools.pdf24.org/static/img/howto/mergePdf/merge-pdf-3-thumb450d.jpg]
[tools.pdf24.org/static/img/howto/mergePdf/merge-pdf-4-thumb8e2c.jpg]
[tools.pdf24.org/static/img/howto/mergePdf/merge-pdf-5-thumb450d.jpg]
[tools.pdf24.org/static/img/plusea15.png]
[tools.pdf24.org/static/img/minusea15.png]
[tools.pdf24.org/en/merge-pdf.html]
[tools.pdf24.org/static/img/share/v2/compress-pdf.png]
[tools.pdf24.org/static/img/howto/compressPdf/compress-pdf-1-thumb8e2c.jpg]
[tools.pdf24.org/static/img/howto/compressPdf/compress-pdf-2-thumb8e2c.jpg]
[tools.pdf24.org/static/img/howto/compressPdf/compress-pdf-3-thumb8e2c.jpg]
[tools.pdf24.org/en/compress-pdf.html]
[tools.pdf24.org/static/img/share/v2/edit-pdf.png]
[cdnjs.cloudflare.com/ajax/libs/spectrum/1.8.0/spectrum.min.css]
[tools.pdf24.org/static/img/loadingSquaresad00.gif]
[cdnjs.cloudflare.com/ajax/libs/spectrum/1.8.0/spectrum.min.js]
[cdnjs.cloudflare.com/ajax/libs/fabric.js/2.3.6/fabric.min.js]
[cdnjs.cloudflare.com/ajax/libs/popper.js/1.14.4/umd/popper.js]
[tools.pdf24.org/static/js/tinycolor.min7f5f.js]
[tools.pdf24.org/static/js/jstorage.min1de9.js]
[tools.pdf24.org/static/js/pdfViewera41a.js]
[tools.pdf24.org/en/edit-pdf.html]
[tools.pdf24.org/static/js/pdfViewer.fabric4731.js]
[tools.pdf24.org/en/excel-to-pdf.html]
[tools.pdf24.org/en/powerpoint-to-pdf.html]
[tools.pdf24.org/en/convert-to-pdf.html]
[tools.pdf24.org/static/img/share/v2/convert-pdf-to.png]
[tools.pdf24.org/en/text-to-pdf.html]
[tools.pdf24.org/en/convert-pdf-to.html]
[tools.pdf24.org/static/img/share/v2/protect-pdf.png]
[tools.pdf24.org/en/protect-pdf.html]
[tools.pdf24.org/static/img/share/v2/unlock-pdf.png]
[tools.pdf24.org/en/unlock-pdf.html]
[tools.pdf24.org/static/img/share/v2/split-pdf.png]
[tools.pdf24.org/en/split-pdf.html]
[tools.pdf24.org/static/img/share/v2/rotate-pdf.png]
[tools.pdf24.org/static/img/rot_leftb122.png]
[tools.pdf24.org/en/rotate-pdf-pages.html]
[tools.pdf24.org/static/img/rot_rightea15.png]
[tools.pdf24.org/static/img/share/v2/remove-pdf-pages.png]
[tools.pdf24.org/en/remove-pdf-pages.html]
[tools.pdf24.org/static/img/share/v2/extract-pdf-pages.png]
[tools.pdf24.org/static/img/checkea15.png]
[tools.pdf24.org/static/img/unchecka57a.png]
[tools.pdf24.org/static/img/toggleb122.png]
[tools.pdf24.org/en/extract-pdf-pages.html]
[tools.pdf24.org/static/img/share/v2/sort-pdf-pages.png]
[tools.pdf24.org/en/sort-pdf-pages.html]
[tools.pdf24.org/static/img/share/v2/images-to-pdf.png]
[tools.pdf24.org/en/jpg-to-pdf.html]
[tools.pdf24.org/en/png-to-pdf.html]
[tools.pdf24.org/en/tiff-to-pdf.html]
[tools.pdf24.org/en/images-to-pdf.html]
[tools.pdf24.org/static/img/share/v2/pages-to-images.png]
[tools.pdf24.org/en/svg-to-pdf.html]
[tools.pdf24.org/static/img/howto/pagesToImages/pdf-to-jpg-1-thumb06ca.jpg]
[tools.pdf24.org/static/img/howto/pagesToImages/pdf-to-jpg-2-thumb06ca.jpg]
[tools.pdf24.org/static/img/howto/pagesToImages/pdf-to-jpg-3-thumb06ca.jpg]
[tools.pdf24.org/en/pdf-to-jpg.html]
[tools.pdf24.org/en/pdf-to-png.html]
[tools.pdf24.org/en/pdf-to-images.html]
[tools.pdf24.org/static/img/share/v2/extract-pdf-images.png]
[tools.pdf24.org/en/pdf-to-svg.html]
[tools.pdf24.org/en/extract-images.html]
[tools.pdf24.org/static/img/share/v2/webpage-to-pdf.png]
[tools.pdf24.org/en/webpage-to-pdf.html]
[tools.pdf24.org/static/img/share/v2/create-job-application.png]
[tools.pdf24.org/en/create-job-application.html]
[tools.pdf24.org/static/img/share/v2/ocr-pdf.png]
[tools.pdf24.org/en/ocr-pdf.html]
[tools.pdf24.org/static/img/share/v2/web-optimize-pdf.png]
[tools.pdf24.org/en/optimize-pdf.html]
[tools.pdf24.org/static/img/share/v2/add-watermark-to-pdf.png]
[tools.pdf24.org/en/add-watermark-to-pdf.html]
[tools.pdf24.org/static/img/share/v2/add-page-numbers-to-pdf.png]
[tools.pdf24.org/en/add-page-numbers-to-pdf.html]
[tools.pdf24.org/static/img/share/v2/view-pdf.png]
[tools.pdf24.org/en/view-pdf.html]
[tools.pdf24.org/static/img/share/v2/overlay-pdf.png]
[tools.pdf24.org/en/overlay-pdf.html]
[tools.pdf24.org/static/img/share/v2/compare-pdf.png]
[tools.pdf24.org/static/img/loadinga57a.gif]
[tools.pdf24.org/static/js/jsdiffc072.js]
[tools.pdf24.org/en/compare-pdf.html]
[tools.pdf24.org/static/img/share/v2/sign-pdf.png]
[cdnjs.cloudflare.com/ajax/libs/fabric.js/2.2.2/fabric.min.js]
[tools.pdf24.org/static/js/imagetracer.min3865.js]
[tools.pdf24.org/en/sign-pdf.html]
[tools.pdf24.org/static/img/share/v2/annotate-pdf.png]
[tools.pdf24.org/en/annotate-pdf.html]
[tools.pdf24.org/static/img/share/v2/scan-pdf.png]
[tools.pdf24.org/static/js/jcrop/Jcrop.gif]
[tools.pdf24.org/static/js/jcrop/jquery.Jcrop420a.js]
[tools.pdf24.org/static/js/modernizr.min6adb.js]
[tools.pdf24.org/en/scan-pdf.html]
[tools.pdf24.org/static/js/glfx.min6adb.js]
[cdnjs.cloudflare.com/ajax/libs/spectrum/1.8.0/spectrum.min.css]
[tools.pdf24.org/en/xls-to-pdf.html]
[tools.pdf24.org/en/excel-to-pdf.html]
[tools.pdf24.org/en/xlsx-to-pdf.html]
[tools.pdf24.org/en/ppt-to-pdf.html]
[tools.pdf24.org/en/powerpoint-to-pdf.html]
[tools.pdf24.org/en/pptx-to-pdf.html]
[tools.pdf24.org/en/rtf-to-pdf.html]
[tools.pdf24.org/en/text-to-pdf.html]
[tools.pdf24.org/en/jpg-to-pdf.html]
[tools.pdf24.org/en/png-to-pdf.html]
[tools.pdf24.org/en/tiff-to-pdf.html]
[tools.pdf24.org/en/svg-to-pdf.html]
[tools.pdf24.org/en/pdf-to-jpg.html]
[tools.pdf24.org/en/pdf-to-png.html]
[tools.pdf24.org/en/pdf-to-svg.html]
[tools.pdf24.org/en/odt-to-pdf.html]
[tools.pdf24.org/en/xls-to-pdf.html]
[tools.pdf24.org/en/xlsx-to-pdf.html]
[tools.pdf24.org/en/ppt-to-pdf.html]
[tools.pdf24.org/en/pptx-to-pdf.html]
[tools.pdf24.org/en/rtf-to-pdf.html]
[tools.pdf24.org/en/odt-to-pdf.html]
